// Jest Snapshot v1, https://goo.gl/fbAQLP

exports[`koi8-u encode should throw exception on unsupported chars 1`] = `"Encountered non-KOI8-U character \\"א\\" (code = 1488) at index 0 in string: א"`;
